../Core/Src/main.c:87:10:ParserJSON	48	static
../Core/Src/main.c:136:5:main	88	static
../Core/Src/main.c:484:6:SystemClock_Config	64	static
../Core/Src/main.c:520:6:PeriphCommonClock_Config	40	static
../Core/Src/main.c:540:13:MX_ADC1_Init	24	static
../Core/Src/main.c:618:13:MX_USART1_UART_Init	8	static
../Core/Src/main.c:667:13:MX_USART2_UART_Init	8	static
../Core/Src/main.c:703:13:MX_DMA_Init	16	static
../Core/Src/main.c:721:13:MX_GPIO_Init	48	static
../Core/Src/main.c:779:6:HAL_UART_RxCpltCallback	16	static
../Core/Src/main.c:815:6:Error_Handler	8	static,ignoring_inline_asm
