C:/Users/fremsoft/STM32Cube/Repository/STM32Cube_FW_C0_V1.1.0/Drivers/STM32C0xx_HAL_Driver/Src/stm32c0xx_hal_dma.c:987:13:DMA_SetConfig	20	static
C:/Users/fremsoft/STM32Cube/Repository/STM32Cube_FW_C0_V1.1.0/Drivers/STM32C0xx_HAL_Driver/Src/stm32c0xx_hal_dma.c:1030:13:DMA_CalcDMAMUXChannelBaseAndMask	8	static
C:/Users/fremsoft/STM32Cube/Repository/STM32Cube_FW_C0_V1.1.0/Drivers/STM32C0xx_HAL_Driver/Src/stm32c0xx_hal_dma.c:151:19:HAL_DMA_Init	24	static
C:/Users/fremsoft/STM32Cube/Repository/STM32Cube_FW_C0_V1.1.0/Drivers/STM32C0xx_HAL_Driver/Src/stm32c0xx_hal_dma.c:242:19:HAL_DMA_DeInit	24	static
C:/Users/fremsoft/STM32Cube/Repository/STM32Cube_FW_C0_V1.1.0/Drivers/STM32C0xx_HAL_Driver/Src/stm32c0xx_hal_dma.c:346:19:HAL_DMA_Start	32	static
C:/Users/fremsoft/STM32Cube/Repository/STM32Cube_FW_C0_V1.1.0/Drivers/STM32C0xx_HAL_Driver/Src/stm32c0xx_hal_dma.c:393:19:HAL_DMA_Start_IT	32	static
C:/Users/fremsoft/STM32Cube/Repository/STM32Cube_FW_C0_V1.1.0/Drivers/STM32C0xx_HAL_Driver/Src/stm32c0xx_hal_dma.c:467:19:HAL_DMA_Abort	20	static
C:/Users/fremsoft/STM32Cube/Repository/STM32Cube_FW_C0_V1.1.0/Drivers/STM32C0xx_HAL_Driver/Src/stm32c0xx_hal_dma.c:528:19:HAL_DMA_Abort_IT	24	static
C:/Users/fremsoft/STM32Cube/Repository/STM32Cube_FW_C0_V1.1.0/Drivers/STM32C0xx_HAL_Driver/Src/stm32c0xx_hal_dma.c:593:19:HAL_DMA_PollForTransfer	40	static
C:/Users/fremsoft/STM32Cube/Repository/STM32Cube_FW_C0_V1.1.0/Drivers/STM32C0xx_HAL_Driver/Src/stm32c0xx_hal_dma.c:725:6:HAL_DMA_IRQHandler	24	static
C:/Users/fremsoft/STM32Cube/Repository/STM32Cube_FW_C0_V1.1.0/Drivers/STM32C0xx_HAL_Driver/Src/stm32c0xx_hal_dma.c:819:19:HAL_DMA_RegisterCallback	12	static
C:/Users/fremsoft/STM32Cube/Repository/STM32Cube_FW_C0_V1.1.0/Drivers/STM32C0xx_HAL_Driver/Src/stm32c0xx_hal_dma.c:871:19:HAL_DMA_UnRegisterCallback	12	static
C:/Users/fremsoft/STM32Cube/Repository/STM32Cube_FW_C0_V1.1.0/Drivers/STM32C0xx_HAL_Driver/Src/stm32c0xx_hal_dma.c:949:22:HAL_DMA_GetState	0	static
C:/Users/fremsoft/STM32Cube/Repository/STM32Cube_FW_C0_V1.1.0/Drivers/STM32C0xx_HAL_Driver/Src/stm32c0xx_hal_dma.c:961:10:HAL_DMA_GetError	0	static
