C:/Users/fremsoft/STM32Cube/Repository/STM32Cube_FW_C0_V1.1.0/Drivers/STM32C0xx_HAL_Driver/Src/stm32c0xx_hal_dma_ex.c:94:19:HAL_DMAEx_ConfigMuxSync	12	static
C:/Users/fremsoft/STM32Cube/Repository/STM32Cube_FW_C0_V1.1.0/Drivers/STM32C0xx_HAL_Driver/Src/stm32c0xx_hal_dma_ex.c:144:19:HAL_DMAEx_ConfigMuxRequestGenerator	8	static
C:/Users/fremsoft/STM32Cube/Repository/STM32Cube_FW_C0_V1.1.0/Drivers/STM32C0xx_HAL_Driver/Src/stm32c0xx_hal_dma_ex.c:183:19:HAL_DMAEx_EnableMuxRequestGenerator	0	static
C:/Users/fremsoft/STM32Cube/Repository/STM32Cube_FW_C0_V1.1.0/Drivers/STM32C0xx_HAL_Driver/Src/stm32c0xx_hal_dma_ex.c:211:19:HAL_DMAEx_DisableMuxRequestGenerator	0	static
C:/Users/fremsoft/STM32Cube/Repository/STM32Cube_FW_C0_V1.1.0/Drivers/STM32C0xx_HAL_Driver/Src/stm32c0xx_hal_dma_ex.c:239:6:HAL_DMAEx_MUX_IRQHandler	16	static
