Microchip MPLAB XC8 Compiler V2.32

Linker command line:

-W-3 --edf=C:\Program Files\Microchip\xc8\v2.32\pic\dat\en_msgs.txt -cn \
  -h+dist/default/production\HackingFrequenzimetro.X.production.sym \
  --cmf=dist/default/production\HackingFrequenzimetro.X.production.cmf -z \
  -Q16F628A -oC:\Users\frems\AppData\Local\Temp\xcAsj7o.4 \
  --defsym=__MPLAB_BUILD=1 \
  -Mdist/default/production/HackingFrequenzimetro.X.production.map -E1 \
  -ver=XC8 Compiler --acfsm=1493 -ASTACK=0B6h-0EFh -pstack=STACK \
  -ACODE=00h-07FFh -ASTRCODE=00h-07FFh -ASTRING=00h-0FFhx8 \
  -ACONST=00h-0FFhx8 -AENTRY=00h-0FFhx8 -ACOMMON=070h-07Fh \
  -ABANK0=020h-06Fh -ABANK1=0A0h-0EFh -ABANK2=0120h-014Fh \
  -ARAM=020h-06Fh,0A0h-0EFh,0120h-014Fh \
  -AABS1=020h-07Fh,0A0h-0EFh,0120h-014Fh -ASFR0=00h-01Fh -ASFR1=080h-09Fh \
  -ASFR2=0100h-011Fh -ASFR3=0180h-01EFh -ACONFIG=02007h-02007h -DCONFIG=2 \
  -AIDLOC=02000h-02003h -DIDLOC=2 -AEEDATA=00h-07Fh/02100h \
  -peeprom_data=EEDATA -DEEDATA=2 -DCODE=2 -DSTRCODE=2 -DSTRING=2 -DCONST=2 \
  -DENTRY=2 -preset_vec=00h,intentry=04h,init,end_init -ppowerup=CODE \
  -pcinit=CODE -pfunctab=ENTRY -k \
  C:\Users\frems\AppData\Local\Temp\xcAsj7o.o \
  dist/default/production\HackingFrequenzimetro.X.production.o 

Object code version is 3.11

Machine type is 16F628A



                Name                               Link     Load   Length Selector   Space Scale
C:\Users\frems\AppData\Local\Temp\xcAsj7o.o
                end_init                              E        E        1        8       0
                reset_vec                             0        0        1        0       0
                config                             2007     2007        1        0       4
dist/default/production\HackingFrequenzimetro.X.production.o
                cinit                                 F        F        7        8       0
                intentry                              4        4        A        8       0
                config                             2007     2007        1        0       4
                text8                               4C2      4C2       68        8       0
                text7                               57E      57E       46        8       0
                text6                               1C0      1C0      13E        8       0
                text5                               2FE      2FE       B1        8       0
                text4                               3AF      3AF       A0        8       0
                text3                               44F      44F       73        8       0
                text2                                16       16      1AA        8       0
                text1                               52A      52A       54        8       0
                maintext                            5CC      5CC        4        8       0
                cstackBANK0                          20       20       22       20       1
                cstackCOMMON                         70       70        E       70       1
                cstackBANK1                          A0       A0       16       A0       1
                clrtext                             5C4      5C4        8        8       0
                bssBANK0                             42       42       12       20       1

TOTAL           Name                               Link     Load   Length     Space
        CLASS   STACK          

        CLASS   CODE           
                end_init                              E        E        1         0
                cinit                                 F        F        7         0
                intentry                              4        4        A         0
                reset_vec                             0        0        1         0
                text8                               4C2      4C2       68         0
                text7                               57E      57E       46         0
                text6                               1C0      1C0      13E         0
                text5                               2FE      2FE       B1         0
                text4                               3AF      3AF       A0         0
                text3                               44F      44F       73         0
                text2                                16       16      1AA         0
                text1                               52A      52A       54         0
                maintext                            5CC      5CC        4         0
                clrtext                             5C4      5C4        8         0

        CLASS   STRCODE        

        CLASS   STRING         

        CLASS   CONST          

        CLASS   ENTRY          

        CLASS   COMMON         
                cstackCOMMON                         70       70        E         1

        CLASS   BANK0          
                cstackBANK0                          20       20       22         1
                bssBANK0                             42       42       12         1

        CLASS   BANK1          
                cstackBANK1                          A0       A0       16         1

        CLASS   BANK2          

        CLASS   RAM            

        CLASS   ABS1           
                abs_s1                               7E       7E        2         1

        CLASS   SFR0           

        CLASS   SFR1           

        CLASS   SFR2           

        CLASS   SFR3           

        CLASS   CONFIG         
                config                             2007     2007        1         4

        CLASS   IDLOC          

        CLASS   EEDATA         

        CLASS   BANK3          



SEGMENTS        Name                           Load    Length   Top    Selector   Space  Class     Delta

                reset_vec                      000000  000001  000001         0       0  CODE        2
                intentry                       000004  0005CC  0005D0         8       0  CODE        2
                cstackBANK0                    000020  000034  000054        20       1  BANK0       1
                cstackCOMMON                   000070  00000E  00007E        70       1  COMMON      1
                cstackBANK1                    0000A0  000016  0000B6        A0       1  BANK1       1


UNUSED ADDRESS RANGES

        Name                Unused          Largest block    Delta
        BANK0            0054-006F             1C           1
        BANK1            00B6-00EF             3A           1
        BANK2            0120-014F             30           1
        CODE             0001-0003              3           2
                         05D0-07FF            230
        CONST            0001-0003              3           2
                         05D0-07FF            100
        EEDATA           2100-217F             80           2
        ENTRY            0001-0003              3           2
                         05D0-07FF            100
        IDLOC            2000-2003              4           2
        RAM              0054-006F             1C           1
                         00B6-00EF             3A
                         0120-014F             30
        SFR0             0000-001F             20           1
        SFR1             0080-009F             20           1
        SFR2             0100-011F             20           1
        SFR3             0180-01EF             70           1
        STACK            00B6-00EF             3A           1
        STRCODE          0001-0003              3           2
                         05D0-07FF            230
        STRING           0001-0003              3           2
                         05D0-07FF            100

                                  Symbol Table

?___aldiv                 cstackBANK1  00A0
?___almod                 cstackBANK1  00A0
?___lldiv                 cstackBANK0  0020
?___lmul                  cstackCOMMON 0070
_CMCONbits                (abs)        001F
_INTCONbits               (abs)        000B
_OPTION_REGbits           (abs)        0081
_PIE1bits                 (abs)        008C
_PIR1bits                 (abs)        000C
_PORTA                    (abs)        0005
_PORTB                    (abs)        0006
_PORTBbits                (abs)        0006
_PR2                      (abs)        0092
_T2CONbits                (abs)        0012
_TMR0                     (abs)        0001
_TMR0IE                   (abs)        005D
_TMR0IF                   (abs)        005A
_TMR2IE                   (abs)        0461
_TMR2IF                   (abs)        0061
_TRISA                    (abs)        0085
_TRISB                    (abs)        0086
__Habs1                   abs1         0000
__Hbank0                  bank0        0000
__Hbank1                  bank1        0000
__Hbank2                  bank2        0000
__Hbank3                  bank3        0000
__HbssBANK0               bssBANK0     0000
__Hcinit                  cinit        0016
__Hclrtext                clrtext      0000
__Hcode                   code         0000
__Hcommon                 common       0000
__Hconfig                 config       2008
__HcstackBANK0            cstackBANK0  0000
__HcstackBANK1            cstackBANK1  0000
__HcstackCOMMON           cstackCOMMON 0000
__Heeprom_data            eeprom_data  0000
__Hend_init               end_init     000F
__Hfunctab                functab      0000
__Hinit                   init         000E
__Hintentry               intentry     000E
__Hmaintext               maintext     0000
__Hpowerup                powerup      0000
__Hram                    ram          0000
__Hreset_vec              reset_vec    0001
__Hsfr0                   sfr0         0000
__Hsfr1                   sfr1         0000
__Hsfr2                   sfr2         0000
__Hsfr3                   sfr3         0000
__Hspace_0                (abs)        05D0
__Hspace_1                (abs)        00B6
__Hspace_2                (abs)        0000
__Hspace_3                (abs)        0000
__Hspace_4                (abs)        400F
__Hstack                  stack        0000
__Hstrings                strings      0000
__Htext                   text         0000
__Labs1                   abs1         0000
__Lbank0                  bank0        0000
__Lbank1                  bank1        0000
__Lbank2                  bank2        0000
__Lbank3                  bank3        0000
__LbssBANK0               bssBANK0     0000
__Lcinit                  cinit        000F
__Lclrtext                clrtext      0000
__Lcode                   code         0000
__Lcommon                 common       0000
__Lconfig                 config       0000
__LcstackBANK0            cstackBANK0  0000
__LcstackBANK1            cstackBANK1  0000
__LcstackCOMMON           cstackCOMMON 0000
__Leeprom_data            eeprom_data  0000
__Lend_init               end_init     000E
__Lfunctab                functab      0000
__Linit                   init         000E
__Lintentry               intentry     0004
__Lmaintext               maintext     0000
__Lpowerup                powerup      0000
__Lram                    ram          0000
__Lreset_vec              reset_vec    0000
__Lsfr0                   sfr0         0000
__Lsfr1                   sfr1         0000
__Lsfr2                   sfr2         0000
__Lsfr3                   sfr3         0000
__Lspace_0                (abs)        0000
__Lspace_1                (abs)        0000
__Lspace_2                (abs)        0000
__Lspace_3                (abs)        0000
__Lspace_4                (abs)        0000
__Lstack                  stack        0000
__Lstrings                strings      0000
__Ltext                   text         0000
__S0                      (abs)        05D0
__S1                      (abs)        00B6
__S2                      (abs)        0000
__S3                      (abs)        0000
___aldiv                  text5        02FE
___aldiv@counter          cstackBANK1  00A8
___aldiv@dividend         cstackBANK1  00A4
___aldiv@divisor          cstackBANK1  00A0
___aldiv@quotient         cstackBANK1  00AA
___aldiv@sign             cstackBANK1  00A9
___almod                  text4        03AF
___almod@counter          cstackBANK0  003D
___almod@dividend         cstackBANK1  00A4
___almod@divisor          cstackBANK1  00A0
___almod@sign             cstackBANK0  003E
___int_sp                 stack        0000
___latbits                (abs)        0000
___lldiv                  text8        04C2
___lldiv@counter          cstackBANK0  002C
___lldiv@dividend         cstackBANK0  0024
___lldiv@divisor          cstackBANK0  0020
___lldiv@quotient         cstackBANK0  0028
___lmul                   text7        057E
___lmul@multiplicand      cstackCOMMON 0074
___lmul@multiplier        cstackCOMMON 0070
___lmul@product           cstackCOMMON 0079
___sp                     stack        0000
___stackhi                (abs)        0000
___stacklo                (abs)        0000
__end_of___aldiv          text5        03AF
__end_of___almod          text4        044F
__end_of___lldiv          text8        052A
__end_of___lmul           text7        05C4
__end_of__initialization  cinit        0014
__end_of_accendi_cifra    text3        04C2
__end_of_loop             text2        01C0
__end_of_main             maintext     05D0
__end_of_setup            text1        057E
__end_of_tcInt            text6        02FE
__initialization          cinit        000F
__pbssBANK0               bssBANK0     0042
__pcstackBANK0            cstackBANK0  0020
__pcstackBANK1            cstackBANK1  00A0
__pcstackCOMMON           cstackCOMMON 0070
__pintentry               intentry     0004
__pmaintext               maintext     05CC
__ptext1                  text1        052A
__ptext2                  text2        0016
__ptext3                  text3        044F
__ptext4                  text4        03AF
__ptext5                  text5        02FE
__ptext6                  text6        01C0
__ptext7                  text7        057E
__ptext8                  text8        04C2
__size_of___aldiv         (abs)        0000
__size_of___almod         (abs)        0000
__size_of___lldiv         (abs)        0000
__size_of___lmul          (abs)        0000
__size_of_accendi_cifra   (abs)        0000
__size_of_loop            (abs)        0000
__size_of_main            (abs)        0000
__size_of_setup           (abs)        0000
__size_of_tcInt           (abs)        0000
_accendi_cifra            text3        044F
_frequenza_x100           bssBANK0     0042
_loop                     text2        0016
_main                     maintext     05CC
_millisecondi             bssBANK0     0052
_setup                    text1        052A
_t0_gross                 bssBANK0     004A
_t0_gross_prec            bssBANK0     0046
_t0_ovl                   bssBANK0     004E
_tcInt                    text6        01C0
accendi_cifra@cifra       cstackBANK0  003E
accendi_cifra@posizione   cstackBANK0  003C
accendi_cifra@virgola     cstackBANK0  0040
btemp                     (abs)        007E
clear_ram0                clrtext      05C4
end_of_initialization     cinit        0014
interrupt_function        intentry     0004
intlevel0                 functab      0000
intlevel1                 functab      0000
intlevel2                 functab      0000
intlevel3                 functab      0000
intlevel4                 functab      0000
intlevel5                 functab      0000
loop@cifra                cstackBANK1  00B0
loop@f                    cstackBANK1  00B2
reset_vec                 reset_vec    0000
saved_w                   (abs)        007E
start                     init         000E
start_initialization      cinit        000F
tcInt@frequenza_x100_temp cstackBANK0  0038
tcInt@ratio               cstackBANK0  0034
wtemp0                    (abs)        007E


MODULE INFORMATION

Module		Function		Class		Link	Load	Size
C:\Program Files\Microchip\xc8\v2.32\pic\sources\c90\common\Umul32.c
		___lmul        		CODE           	057E	0000	70

C:\Program Files\Microchip\xc8\v2.32\pic\sources\c90\common\Umul32.c estimated size: 70

C:\Program Files\Microchip\xc8\v2.32\pic\sources\c90\common\almod.c
		___almod       		CODE           	03AF	0000	160

C:\Program Files\Microchip\xc8\v2.32\pic\sources\c90\common\almod.c estimated size: 160

shared
		__initialization		CODE           	000F	0000	5

shared estimated size: 5

main.c
		_loop          		CODE           	0016	0000	426
		_main          		CODE           	05CC	0000	4
		_setup         		CODE           	052A	0000	84
		_accendi_cifra 		CODE           	044F	0000	115
		_tcInt         		CODE           	01C0	0000	318

main.c estimated size: 947

C:\Program Files\Microchip\xc8\v2.32\pic\sources\c90\common\aldiv.c
		___aldiv       		CODE           	02FE	0000	177

C:\Program Files\Microchip\xc8\v2.32\pic\sources\c90\common\aldiv.c estimated size: 177

C:\Program Files\Microchip\xc8\v2.32\pic\sources\c90\common\__lldiv.c
		___lldiv       		CODE           	04C2	0000	104

C:\Program Files\Microchip\xc8\v2.32\pic\sources\c90\common\__lldiv.c estimated size: 104

