Microchip MPLAB XC8 Compiler V2.32

Linker command line:

-W-3 --edf=C:\Program Files\Microchip\xc8\v2.32\pic\dat\en_msgs.txt -cn \
  -h+dist/default/production\HackingFrequenzimetro.X.production.sym \
  --cmf=dist/default/production\HackingFrequenzimetro.X.production.cmf -z \
  -Q16F628A -oC:\Users\frems\AppData\Local\Temp\xcAsfho.4 \
  --defsym=__MPLAB_BUILD=1 \
  -Mdist/default/production/HackingFrequenzimetro.X.production.map -E1 \
  -ver=XC8 Compiler --acfsm=1493 -ASTACK=0120h-014Fh -pstack=STACK \
  -ACODE=00h-07FFh -ASTRCODE=00h-07FFh -ASTRING=00h-0FFhx8 \
  -ACONST=00h-0FFhx8 -AENTRY=00h-0FFhx8 -ACOMMON=070h-07Fh \
  -ABANK0=020h-06Fh -ABANK1=0A0h-0EFh -ABANK2=0120h-014Fh \
  -ARAM=020h-06Fh,0A0h-0EFh,0120h-014Fh \
  -AABS1=020h-07Fh,0A0h-0EFh,0120h-014Fh -ASFR0=00h-01Fh -ASFR1=080h-09Fh \
  -ASFR2=0100h-011Fh -ASFR3=0180h-01EFh -ACONFIG=02007h-02007h -DCONFIG=2 \
  -AIDLOC=02000h-02003h -DIDLOC=2 -AEEDATA=00h-07Fh/02100h \
  -peeprom_data=EEDATA -DEEDATA=2 -DCODE=2 -DSTRCODE=2 -DSTRING=2 -DCONST=2 \
  -DENTRY=2 -preset_vec=00h,intentry=04h,init,end_init -ppowerup=CODE \
  -pcinit=CODE -pfunctab=ENTRY -k \
  C:\Users\frems\AppData\Local\Temp\xcAsfho.o \
  dist/default/production\HackingFrequenzimetro.X.production.o 

Object code version is 3.11

Machine type is 16F628A



                Name                               Link     Load   Length Selector   Space Scale
C:\Users\frems\AppData\Local\Temp\xcAsfho.o
                end_init                              E        E        1        8       0
                reset_vec                             0        0        1        0       0
                config                             2007     2007        1        0       4
dist/default/production\HackingFrequenzimetro.X.production.o
                cinit                                 F        F        B        8       0
                intentry                              4        4        A        8       0
                config                             2007     2007        1        0       4
                text8                               731      731       46        8       0
                text7                               61F      61F       68        8       0
                text6                                1A       1A      2C0        8       0
                text5                               5B7      5B7       68        8       0
                text4                               687      687       56        8       0
                text3                               51C      51C       9B        8       0
                text2                               2DA      2DA      242        8       0
                text1                               6DD      6DD       54        8       0
                maintext                            777      777       2C        8       0
                cstackBANK0                          20       20       28       20       1
                cstackCOMMON                         70       70        E       70       1
                cstackBANK1                          A0       A0       1C       A0       1
                clrtext                             7A3      7A3        8        8       0
                bssBANK1                             BC       BC       10       A0       1
                bssBANK0                             48       48       20       20       1

TOTAL           Name                               Link     Load   Length     Space
        CLASS   STACK          

        CLASS   CODE           
                end_init                              E        E        1         0
                cinit                                 F        F        B         0
                intentry                              4        4        A         0
                reset_vec                             0        0        1         0
                text8                               731      731       46         0
                text7                               61F      61F       68         0
                text6                                1A       1A      2C0         0
                text5                               5B7      5B7       68         0
                text4                               687      687       56         0
                text3                               51C      51C       9B         0
                text2                               2DA      2DA      242         0
                text1                               6DD      6DD       54         0
                maintext                            777      777       2C         0
                clrtext                             7A3      7A3        8         0

        CLASS   STRCODE        

        CLASS   STRING         

        CLASS   CONST          

        CLASS   ENTRY          

        CLASS   COMMON         
                cstackCOMMON                         70       70        E         1

        CLASS   BANK0          
                cstackBANK0                          20       20       28         1
                bssBANK0                             48       48       20         1

        CLASS   BANK1          
                cstackBANK1                          A0       A0       1C         1
                bssBANK1                             BC       BC       10         1

        CLASS   BANK2          

        CLASS   RAM            

        CLASS   ABS1           
                abs_s1                               7E       7E        2         1

        CLASS   SFR0           

        CLASS   SFR1           

        CLASS   SFR2           

        CLASS   SFR3           

        CLASS   CONFIG         
                config                             2007     2007        1         4

        CLASS   IDLOC          

        CLASS   EEDATA         

        CLASS   BANK3          



SEGMENTS        Name                           Load    Length   Top    Selector   Space  Class     Delta

                reset_vec                      000000  000001  000001         0       0  CODE        2
                intentry                       000004  0007A7  0007AB         8       0  CODE        2
                cstackBANK0                    000020  000048  000068        20       1  BANK0       1
                cstackCOMMON                   000070  00000E  00007E        70       1  COMMON      1
                cstackBANK1                    0000A0  00002C  0000CC        A0       1  BANK1       1


UNUSED ADDRESS RANGES

        Name                Unused          Largest block    Delta
        BANK0            0068-006F              8           1
        BANK1            00CC-00EF             24           1
        BANK2            0120-014F             30           1
        CODE             0001-0003              3           2
                         07AB-07FF             55
        CONST            0001-0003              3           2
                         07AB-07FF             55
        EEDATA           2100-217F             80           2
        ENTRY            0001-0003              3           2
                         07AB-07FF             55
        IDLOC            2000-2003              4           2
        RAM              0068-006F              8           1
                         00CC-00EF             24
                         0120-014F             30
        SFR0             0000-001F             20           1
        SFR1             0080-009F             20           1
        SFR2             0100-011F             20           1
        SFR3             0180-01EF             70           1
        STACK            0120-014F             30           1
        STRCODE          0001-0003              3           2
                         07AB-07FF             55
        STRING           0001-0003              3           2
                         07AB-07FF             55

                                  Symbol Table

?___lldiv                   cstackBANK1  00A0
?___llmod                   cstackBANK1  00A0
?___lmul                    cstackCOMMON 0070
?i1___lldiv                 cstackBANK0  0020
_CMCONbits                  (abs)        001F
_INTCONbits                 (abs)        000B
_OPTION_REGbits             (abs)        0081
_PIE1bits                   (abs)        008C
_PIR1bits                   (abs)        000C
_PORTA                      (abs)        0005
_PORTB                      (abs)        0006
_PORTBbits                  (abs)        0006
_PR2                        (abs)        0092
_T2CONbits                  (abs)        0012
_TMR0                       (abs)        0001
_TMR0IE                     (abs)        005D
_TMR0IF                     (abs)        005A
_TMR2IE                     (abs)        0461
_TMR2IF                     (abs)        0061
_TRISA                      (abs)        0085
_TRISB                      (abs)        0086
__Habs1                     abs1         0000
__Hbank0                    bank0        0000
__Hbank1                    bank1        0000
__Hbank2                    bank2        0000
__Hbank3                    bank3        0000
__HbssBANK0                 bssBANK0     0000
__HbssBANK1                 bssBANK1     0000
__Hcinit                    cinit        001A
__Hclrtext                  clrtext      0000
__Hcode                     code         0000
__Hcommon                   common       0000
__Hconfig                   config       2008
__HcstackBANK0              cstackBANK0  0000
__HcstackBANK1              cstackBANK1  0000
__HcstackCOMMON             cstackCOMMON 0000
__Heeprom_data              eeprom_data  0000
__Hend_init                 end_init     000F
__Hfunctab                  functab      0000
__Hinit                     init         000E
__Hintentry                 intentry     000E
__Hmaintext                 maintext     0000
__Hpowerup                  powerup      0000
__Hram                      ram          0000
__Hreset_vec                reset_vec    0001
__Hsfr0                     sfr0         0000
__Hsfr1                     sfr1         0000
__Hsfr2                     sfr2         0000
__Hsfr3                     sfr3         0000
__Hspace_0                  (abs)        07AB
__Hspace_1                  (abs)        00CC
__Hspace_2                  (abs)        0000
__Hspace_3                  (abs)        0000
__Hspace_4                  (abs)        400F
__Hstack                    stack        0000
__Hstrings                  strings      0000
__Htext                     text         0000
__Labs1                     abs1         0000
__Lbank0                    bank0        0000
__Lbank1                    bank1        0000
__Lbank2                    bank2        0000
__Lbank3                    bank3        0000
__LbssBANK0                 bssBANK0     0000
__LbssBANK1                 bssBANK1     0000
__Lcinit                    cinit        000F
__Lclrtext                  clrtext      0000
__Lcode                     code         0000
__Lcommon                   common       0000
__Lconfig                   config       0000
__LcstackBANK0              cstackBANK0  0000
__LcstackBANK1              cstackBANK1  0000
__LcstackCOMMON             cstackCOMMON 0000
__Leeprom_data              eeprom_data  0000
__Lend_init                 end_init     000E
__Lfunctab                  functab      0000
__Linit                     init         000E
__Lintentry                 intentry     0004
__Lmaintext                 maintext     0000
__Lpowerup                  powerup      0000
__Lram                      ram          0000
__Lreset_vec                reset_vec    0000
__Lsfr0                     sfr0         0000
__Lsfr1                     sfr1         0000
__Lsfr2                     sfr2         0000
__Lsfr3                     sfr3         0000
__Lspace_0                  (abs)        0000
__Lspace_1                  (abs)        0000
__Lspace_2                  (abs)        0000
__Lspace_3                  (abs)        0000
__Lspace_4                  (abs)        0000
__Lstack                    stack        0000
__Lstrings                  strings      0000
__Ltext                     text         0000
__S0                        (abs)        07AB
__S1                        (abs)        00CC
__S2                        (abs)        0000
__S3                        (abs)        0000
___int_sp                   stack        0000
___latbits                  (abs)        0000
___lldiv                    text5        05B7
___lldiv@counter            cstackBANK1  00AD
___lldiv@dividend           cstackBANK1  00A4
___lldiv@divisor            cstackBANK1  00A0
___lldiv@quotient           cstackBANK1  00A9
___llmod                    text4        0687
___llmod@counter            cstackBANK1  00A9
___llmod@dividend           cstackBANK1  00A4
___llmod@divisor            cstackBANK1  00A0
___lmul                     text8        0731
___lmul@multiplicand        cstackCOMMON 0074
___lmul@multiplier          cstackCOMMON 0070
___lmul@product             cstackCOMMON 0079
___sp                       stack        0000
___stackhi                  (abs)        0000
___stacklo                  (abs)        0000
__end_of___lldiv            text5        061F
__end_of___llmod            text4        06DD
__end_of___lmul             text8        0777
__end_of__initialization    cinit        0018
__end_of_accendi_cifra      text3        05B7
__end_of_loop               text2        051C
__end_of_main               maintext     07A3
__end_of_setup              text1        0731
__end_of_tcInt              text6        02DA
__end_ofi1___lldiv          text7        0687
__initialization            cinit        000F
__pbssBANK0                 bssBANK0     0048
__pbssBANK1                 bssBANK1     00BC
__pcstackBANK0              cstackBANK0  0020
__pcstackBANK1              cstackBANK1  00A0
__pcstackCOMMON             cstackCOMMON 0070
__pintentry                 intentry     0004
__pmaintext                 maintext     0777
__ptext1                    text1        06DD
__ptext2                    text2        02DA
__ptext3                    text3        051C
__ptext4                    text4        0687
__ptext5                    text5        05B7
__ptext6                    text6        001A
__ptext7                    text7        061F
__ptext8                    text8        0731
__size_of___lldiv           (abs)        0000
__size_of___llmod           (abs)        0000
__size_of___lmul            (abs)        0000
__size_of_accendi_cifra     (abs)        0000
__size_of_loop              (abs)        0000
__size_of_main              (abs)        0000
__size_of_setup             (abs)        0000
__size_of_tcInt             (abs)        0000
__size_ofi1___lldiv         (abs)        0000
_accendi_cifra              text3        051C
_frequenza_x1               bssBANK0     0048
_frequenza_x100             bssBANK0     004C
_frequenza_x10000           bssBANK0     0050
_loop                       text2        02DA
_main                       maintext     0777
_millisecondi               bssBANK0     0060
_periodo_lento              bssBANK0     0064
_setup                      text1        06DD
_t0_gross                   bssBANK0     0058
_t0_gross_prec              bssBANK0     0054
_t0_ovl                     bssBANK0     005C
_t0_prec                    bssBANK0     0062
_tcInt                      text6        001A
accendi_cifra@cifra         cstackBANK1  00A2
accendi_cifra@posizione     cstackBANK1  00A0
accendi_cifra@virgola       cstackBANK1  00A4
btemp                       (abs)        007E
clear_ram0                  clrtext      07A3
end_of_initialization       cinit        0018
i1___lldiv                  text7        061F
i1___lldiv@counter          cstackBANK0  002C
i1___lldiv@dividend         cstackBANK0  0024
i1___lldiv@divisor          cstackBANK0  0020
i1___lldiv@quotient         cstackBANK0  0028
interrupt_function          intentry     0004
intlevel0                   functab      0000
intlevel1                   functab      0000
intlevel2                   functab      0000
intlevel3                   functab      0000
intlevel4                   functab      0000
intlevel5                   functab      0000
loop@cifra                  cstackBANK1  00B8
loop@dp1                    cstackBANK1  00B2
loop@dp2                    cstackBANK1  00B4
loop@dp3                    cstackBANK1  00B6
loop@f                      bssBANK1     00C8
loop@f_x1                   bssBANK1     00C4
loop@f_x100                 bssBANK1     00C0
loop@f_x10000               bssBANK1     00BC
loop@refresh                cstackBANK1  00AE
main@n                      cstackBANK1  00BA
reset_vec                   reset_vec    0000
saved_w                     (abs)        007E
start                       init         000E
start_initialization        cinit        000F
tcInt@frequenza_x10000_temp cstackBANK0  003C
tcInt@frequenza_x1_temp     cstackBANK0  0040
tcInt@ratio                 cstackBANK0  0044
wtemp0                      (abs)        007E


MODULE INFORMATION

Module		Function		Class		Link	Load	Size
C:\Program Files\Microchip\xc8\v2.32\pic\sources\c90\common\Umul32.c
		___lmul        		CODE           	0731	0000	70

C:\Program Files\Microchip\xc8\v2.32\pic\sources\c90\common\Umul32.c estimated size: 70

C:\Program Files\Microchip\xc8\v2.32\pic\sources\c90\common\llmod.c
		___llmod       		CODE           	0687	0000	86

C:\Program Files\Microchip\xc8\v2.32\pic\sources\c90\common\llmod.c estimated size: 86

shared
		i1___lldiv     		CODE           	061F	0000	104
		__initialization		CODE           	000F	0000	9

shared estimated size: 113

main.c
		_loop          		CODE           	02DA	0000	578
		_main          		CODE           	0777	0000	44
		_setup         		CODE           	06DD	0000	84
		_accendi_cifra 		CODE           	051C	0000	155
		_tcInt         		CODE           	001A	0000	704

main.c estimated size: 1565

C:\Program Files\Microchip\xc8\v2.32\pic\sources\c90\common\__lldiv.c
		___lldiv       		CODE           	05B7	0000	104

C:\Program Files\Microchip\xc8\v2.32\pic\sources\c90\common\__lldiv.c estimated size: 104

