Microchip MPLAB XC8 Compiler V2.32

Linker command line:

-W-3 --edf=C:\Program Files\Microchip\xc8\v2.32\pic\dat\en_msgs.txt -cn \
  -h+dist/default/production\HackingFrequenzimetro.X.production.sym \
  --cmf=dist/default/production\HackingFrequenzimetro.X.production.cmf -z \
  -Q16F628A -oC:\Users\frems\AppData\Local\Temp\xcAs3tc.4 \
  --defsym=__MPLAB_BUILD=1 \
  -Mdist/default/production/HackingFrequenzimetro.X.production.map -E1 \
  -ver=XC8 Compiler --acfsm=1493 -ASTACK=0A0h-0EFh -pstack=STACK \
  -ACODE=00h-07FFh -ASTRCODE=00h-07FFh -ASTRING=00h-0FFhx8 \
  -ACONST=00h-0FFhx8 -AENTRY=00h-0FFhx8 -ACOMMON=070h-07Fh \
  -ABANK0=020h-06Fh -ABANK1=0A0h-0EFh -ABANK2=0120h-014Fh \
  -ARAM=020h-06Fh,0A0h-0EFh,0120h-014Fh \
  -AABS1=020h-07Fh,0A0h-0EFh,0120h-014Fh -ASFR0=00h-01Fh -ASFR1=080h-09Fh \
  -ASFR2=0100h-011Fh -ASFR3=0180h-01EFh -ACONFIG=02007h-02007h -DCONFIG=2 \
  -AIDLOC=02000h-02003h -DIDLOC=2 -AEEDATA=00h-07Fh/02100h \
  -peeprom_data=EEDATA -DEEDATA=2 -DCODE=2 -DSTRCODE=2 -DSTRING=2 -DCONST=2 \
  -DENTRY=2 -preset_vec=00h,intentry=04h,init,end_init -ppowerup=CODE \
  -pcinit=CODE -pfunctab=ENTRY -k \
  C:\Users\frems\AppData\Local\Temp\xcAs3tc.o \
  dist/default/production\HackingFrequenzimetro.X.production.o 

Object code version is 3.11

Machine type is 16F628A



                Name                               Link     Load   Length Selector   Space Scale
C:\Users\frems\AppData\Local\Temp\xcAs3tc.o
                end_init                              E        E        1        8       0
                reset_vec                             0        0        1        0       0
                config                             2007     2007        1        0       4
dist/default/production\HackingFrequenzimetro.X.production.o
                cinit                                 F        F        7        8       0
                intentry                              4        4        A        8       0
                config                             2007     2007        1        0       4
                text8                               3E7      3E7       66        8       0
                text7                               4A1      4A1       46        8       0
                text6                               184      184       CC        8       0
                text5                               250      250       9D        8       0
                text4                               2ED      2ED       87        8       0
                text3                               374      374       73        8       0
                text2                                16       16      16E        8       0
                text1                               44D      44D       54        8       0
                maintext                            4EF      4EF        4        8       0
                cstackBANK0                          20       20       22       20       1
                cstackCOMMON                         70       70        E       70       1
                clrtext                             4E7      4E7        8        8       0
                bssBANK0                             42       42       12       20       1

TOTAL           Name                               Link     Load   Length     Space
        CLASS   STACK          

        CLASS   CODE           
                end_init                              E        E        1         0
                cinit                                 F        F        7         0
                intentry                              4        4        A         0
                reset_vec                             0        0        1         0
                text8                               3E7      3E7       66         0
                text7                               4A1      4A1       46         0
                text6                               184      184       CC         0
                text5                               250      250       9D         0
                text4                               2ED      2ED       87         0
                text3                               374      374       73         0
                text2                                16       16      16E         0
                text1                               44D      44D       54         0
                maintext                            4EF      4EF        4         0
                clrtext                             4E7      4E7        8         0

        CLASS   STRCODE        

        CLASS   STRING         

        CLASS   CONST          

        CLASS   ENTRY          

        CLASS   COMMON         
                cstackCOMMON                         70       70        E         1

        CLASS   BANK0          
                cstackBANK0                          20       20       22         1
                bssBANK0                             42       42       12         1

        CLASS   BANK1          

        CLASS   BANK2          

        CLASS   RAM            

        CLASS   ABS1           
                abs_s1                               7E       7E        2         1

        CLASS   SFR0           

        CLASS   SFR1           

        CLASS   SFR2           

        CLASS   SFR3           

        CLASS   CONFIG         
                config                             2007     2007        1         4

        CLASS   IDLOC          

        CLASS   EEDATA         

        CLASS   BANK3          



SEGMENTS        Name                           Load    Length   Top    Selector   Space  Class     Delta

                reset_vec                      000000  000001  000001         0       0  CODE        2
                intentry                       000004  0004EF  0004F3         8       0  CODE        2
                cstackBANK0                    000020  000034  000054        20       1  BANK0       1
                cstackCOMMON                   000070  00000E  00007E        70       1  COMMON      1


UNUSED ADDRESS RANGES

        Name                Unused          Largest block    Delta
        BANK0            0054-006F             1C           1
        BANK1            00A0-00EF             50           1
        BANK2            0120-014F             30           1
        CODE             0001-0003              3           2
                         04F3-07FF            30D
        CONST            0001-0003              3           2
                         04F3-07FF            100
        EEDATA           2100-217F             80           2
        ENTRY            0001-0003              3           2
                         04F3-07FF            100
        IDLOC            2000-2003              4           2
        RAM              0054-006F             1C           1
                         00A0-00EF             50
                         0120-014F             30
        SFR0             0000-001F             20           1
        SFR1             0080-009F             20           1
        SFR2             0100-011F             20           1
        SFR3             0180-01EF             70           1
        STACK            00A0-00EF             50           1
        STRCODE          0001-0003              3           2
                         04F3-07FF            30D
        STRING           0001-0003              3           2
                         04F3-07FF            100

                                  Symbol Table

?___aldiv                cstackBANK0  002B
?___almod                cstackBANK0  002B
?___lldiv                cstackCOMMON 0070
?___lmul                 cstackCOMMON 0070
_CMCONbits               (abs)        001F
_INTCONbits              (abs)        000B
_OPTION_REGbits          (abs)        0081
_PIE1bits                (abs)        008C
_PIR1bits                (abs)        000C
_PORTA                   (abs)        0005
_PORTB                   (abs)        0006
_PORTBbits               (abs)        0006
_PR2                     (abs)        0092
_T2CONbits               (abs)        0012
_TMR0                    (abs)        0001
_TMR0IE                  (abs)        005D
_TMR0IF                  (abs)        005A
_TMR2IE                  (abs)        0461
_TMR2IF                  (abs)        0061
_TRISA                   (abs)        0085
_TRISB                   (abs)        0086
__Habs1                  abs1         0000
__Hbank0                 bank0        0000
__Hbank1                 bank1        0000
__Hbank2                 bank2        0000
__Hbank3                 bank3        0000
__HbssBANK0              bssBANK0     0000
__Hcinit                 cinit        0016
__Hclrtext               clrtext      0000
__Hcode                  code         0000
__Hcommon                common       0000
__Hconfig                config       2008
__HcstackBANK0           cstackBANK0  0000
__HcstackCOMMON          cstackCOMMON 0000
__Heeprom_data           eeprom_data  0000
__Hend_init              end_init     000F
__Hfunctab               functab      0000
__Hinit                  init         000E
__Hintentry              intentry     000E
__Hmaintext              maintext     0000
__Hpowerup               powerup      0000
__Hram                   ram          0000
__Hreset_vec             reset_vec    0001
__Hsfr0                  sfr0         0000
__Hsfr1                  sfr1         0000
__Hsfr2                  sfr2         0000
__Hsfr3                  sfr3         0000
__Hspace_0               (abs)        04F3
__Hspace_1               (abs)        007E
__Hspace_2               (abs)        0000
__Hspace_3               (abs)        0000
__Hspace_4               (abs)        400F
__Hstack                 stack        0000
__Hstrings               strings      0000
__Htext                  text         0000
__Labs1                  abs1         0000
__Lbank0                 bank0        0000
__Lbank1                 bank1        0000
__Lbank2                 bank2        0000
__Lbank3                 bank3        0000
__LbssBANK0              bssBANK0     0000
__Lcinit                 cinit        000F
__Lclrtext               clrtext      0000
__Lcode                  code         0000
__Lcommon                common       0000
__Lconfig                config       0000
__LcstackBANK0           cstackBANK0  0000
__LcstackCOMMON          cstackCOMMON 0000
__Leeprom_data           eeprom_data  0000
__Lend_init              end_init     000E
__Lfunctab               functab      0000
__Linit                  init         000E
__Lintentry              intentry     0004
__Lmaintext              maintext     0000
__Lpowerup               powerup      0000
__Lram                   ram          0000
__Lreset_vec             reset_vec    0000
__Lsfr0                  sfr0         0000
__Lsfr1                  sfr1         0000
__Lsfr2                  sfr2         0000
__Lsfr3                  sfr3         0000
__Lspace_0               (abs)        0000
__Lspace_1               (abs)        0000
__Lspace_2               (abs)        0000
__Lspace_3               (abs)        0000
__Lspace_4               (abs)        0000
__Lstack                 stack        0000
__Lstrings               strings      0000
__Ltext                  text         0000
__S0                     (abs)        04F3
__S1                     (abs)        007E
__S2                     (abs)        0000
__S3                     (abs)        0000
___aldiv                 text5        0250
___aldiv@counter         cstackBANK0  0034
___aldiv@dividend        cstackBANK0  002F
___aldiv@divisor         cstackBANK0  002B
___aldiv@quotient        cstackBANK0  0036
___aldiv@sign            cstackBANK0  0035
___almod                 text4        02ED
___almod@counter         cstackBANK0  0034
___almod@dividend        cstackBANK0  002F
___almod@divisor         cstackBANK0  002B
___almod@sign            cstackBANK0  0035
___int_sp                stack        0000
___latbits               (abs)        0000
___lldiv                 text8        03E7
___lldiv@counter         cstackCOMMON 007D
___lldiv@dividend        cstackCOMMON 0074
___lldiv@divisor         cstackCOMMON 0070
___lldiv@quotient        cstackCOMMON 0079
___lmul                  text7        04A1
___lmul@multiplicand     cstackCOMMON 0074
___lmul@multiplier       cstackCOMMON 0070
___lmul@product          cstackCOMMON 0079
___sp                    stack        0000
___stackhi               (abs)        0000
___stacklo               (abs)        0000
__end_of___aldiv         text5        02ED
__end_of___almod         text4        0374
__end_of___lldiv         text8        044D
__end_of___lmul          text7        04E7
__end_of__initialization cinit        0014
__end_of_accendi_cifra   text3        03E7
__end_of_loop            text2        0184
__end_of_main            maintext     04F3
__end_of_setup           text1        04A1
__end_of_tcInt           text6        0250
__initialization         cinit        000F
__pbssBANK0              bssBANK0     0042
__pcstackBANK0           cstackBANK0  0020
__pcstackCOMMON          cstackCOMMON 0070
__pintentry              intentry     0004
__pmaintext              maintext     04EF
__ptext1                 text1        044D
__ptext2                 text2        0016
__ptext3                 text3        0374
__ptext4                 text4        02ED
__ptext5                 text5        0250
__ptext6                 text6        0184
__ptext7                 text7        04A1
__ptext8                 text8        03E7
__size_of___aldiv        (abs)        0000
__size_of___almod        (abs)        0000
__size_of___lldiv        (abs)        0000
__size_of___lmul         (abs)        0000
__size_of_accendi_cifra  (abs)        0000
__size_of_loop           (abs)        0000
__size_of_main           (abs)        0000
__size_of_setup          (abs)        0000
__size_of_tcInt          (abs)        0000
_accendi_cifra           text3        0374
_frequenza_x100          bssBANK0     0042
_loop                    text2        0016
_main                    maintext     04EF
_millisecondi            bssBANK0     0052
_setup                   text1        044D
_t0_gross                bssBANK0     004A
_t0_gross_prec           bssBANK0     0046
_t0_ovl                  bssBANK0     004E
_tcInt                   text6        0184
accendi_cifra@cifra      cstackBANK0  002D
accendi_cifra@posizione  cstackBANK0  002B
accendi_cifra@virgola    cstackBANK0  002F
btemp                    (abs)        007E
clear_ram0               clrtext      04E7
end_of_initialization    cinit        0014
interrupt_function       intentry     0004
intlevel0                functab      0000
intlevel1                functab      0000
intlevel2                functab      0000
intlevel3                functab      0000
intlevel4                functab      0000
intlevel5                functab      0000
loop@cifra               cstackBANK0  003C
loop@f                   cstackBANK0  003E
reset_vec                reset_vec    0000
saved_w                  (abs)        007E
start                    init         000E
start_initialization     cinit        000F
wtemp0                   (abs)        007E


MODULE INFORMATION

Module		Function		Class		Link	Load	Size
C:\Program Files\Microchip\xc8\v2.32\pic\sources\c90\common\Umul32.c
		___lmul        		CODE           	04A1	0000	70

C:\Program Files\Microchip\xc8\v2.32\pic\sources\c90\common\Umul32.c estimated size: 70

C:\Program Files\Microchip\xc8\v2.32\pic\sources\c90\common\almod.c
		___almod       		CODE           	02ED	0000	135

C:\Program Files\Microchip\xc8\v2.32\pic\sources\c90\common\almod.c estimated size: 135

shared
		__initialization		CODE           	000F	0000	5

shared estimated size: 5

main.c
		_loop          		CODE           	0016	0000	366
		_main          		CODE           	04EF	0000	4
		_setup         		CODE           	044D	0000	84
		_accendi_cifra 		CODE           	0374	0000	115
		_tcInt         		CODE           	0184	0000	204

main.c estimated size: 773

C:\Program Files\Microchip\xc8\v2.32\pic\sources\c90\common\aldiv.c
		___aldiv       		CODE           	0250	0000	157

C:\Program Files\Microchip\xc8\v2.32\pic\sources\c90\common\aldiv.c estimated size: 157

C:\Program Files\Microchip\xc8\v2.32\pic\sources\c90\common\__lldiv.c
		___lldiv       		CODE           	03E7	0000	102

C:\Program Files\Microchip\xc8\v2.32\pic\sources\c90\common\__lldiv.c estimated size: 102

