../Core/Src/main.c:88:10:ParserJSON	48	static
../Core/Src/main.c:137:5:main	56	static
../Core/Src/main.c:688:6:SystemClock_Config	64	static
../Core/Src/main.c:724:6:PeriphCommonClock_Config	40	static
../Core/Src/main.c:744:13:MX_ADC1_Init	24	static
../Core/Src/main.c:822:13:MX_USART1_UART_Init	8	static
../Core/Src/main.c:871:13:MX_USART2_UART_Init	8	static
../Core/Src/main.c:907:13:MX_DMA_Init	16	static
../Core/Src/main.c:925:13:MX_GPIO_Init	48	static
../Core/Src/main.c:983:6:HAL_UART_RxCpltCallback	16	static
../Core/Src/main.c:1027:6:Error_Handler	8	static,ignoring_inline_asm
